---
source: tui/src/chatwidget/tests/status_and_layout.rs
assertion_line: 107
expression: "throughput_footer_snapshot(&mut active_chat, 80)"
---
"                                                                                "
"                                                                                "
"› Ask Codex to do anything                                                      "
"                                                                                "
"  ~10.0 tok/s                                                                   "
